// Vitest Snapshot v1, https://vitest.dev/guide/snapshot.html

exports[`ConceptResult Component > matches snapshot 1`] = `
<div
  class="_container_24d64d"
>
  <div
    class="_pageHeader_24d64d"
  >
    <h2
      class="_title_24d64d"
    >
      Generated Concept
    </h2>
    <span
      class="_date_24d64d"
    >
      4/15/2023, 8:30:45 AM
    </span>
  </div>
  <div
    class="_section_24d64d"
  >
    <div
      class="_sectionTitle_24d64d"
    >
      Original
    </div>
    <div
      class="_mainImageContainer_24d64d"
    >
      <img
        alt="Generated concept - Original"
        class="_image_24d64d"
        src="https://example.com/generated-concept.png"
      />
    </div>
  </div>
  <div
    class="_section_24d64d"
  >
    <h3
      class="_sectionTitle_24d64d"
    >
      Color Palette
    </h3>
    <div
      class="_card_24d64d"
    >
      <div
        class="flex flex-col space-y-4 flex justify-center"
      >
        <div
          class="flex flex-wrap gap-3"
        >
          <div
            class="flex flex-col items-center"
          >
            <div
              class="
                h-8 w-8 rounded-full shadow-sm border border-dark-200
                cursor-pointer hover:scale-110 transition-transform

              "
              style="background-color: rgb(79, 70, 229);"
              title="Primary: #4F46E5"
            />
            <span
              class="mt-1 text-xs text-dark-600"
            >
              Primary
            </span>
          </div>
          <div
            class="flex flex-col items-center"
          >
            <div
              class="
                h-8 w-8 rounded-full shadow-sm border border-dark-200
                cursor-pointer hover:scale-110 transition-transform

              "
              style="background-color: rgb(96, 165, 250);"
              title="Secondary: #60A5FA"
            />
            <span
              class="mt-1 text-xs text-dark-600"
            >
              Secondary
            </span>
          </div>
          <div
            class="flex flex-col items-center"
          >
            <div
              class="
                h-8 w-8 rounded-full shadow-sm border border-dark-200
                cursor-pointer hover:scale-110 transition-transform

              "
              style="background-color: rgb(238, 242, 255);"
              title="Accent: #EEF2FF"
            />
            <span
              class="mt-1 text-xs text-dark-600"
            >
              Accent
            </span>
          </div>
          <div
            class="flex flex-col items-center"
          >
            <div
              class="
                h-8 w-8 rounded-full shadow-sm border border-dark-200
                cursor-pointer hover:scale-110 transition-transform

              "
              style="background-color: rgb(255, 255, 255);"
              title="Background: #FFFFFF"
            />
            <span
              class="mt-1 text-xs text-dark-600"
            >
              Background
            </span>
          </div>
          <div
            class="flex flex-col items-center"
          >
            <div
              class="
                h-8 w-8 rounded-full shadow-sm border border-dark-200
                cursor-pointer hover:scale-110 transition-transform

              "
              style="background-color: rgb(30, 41, 59);"
              title="Text: #1E293B"
            />
            <span
              class="mt-1 text-xs text-dark-600"
            >
              Text
            </span>
          </div>
        </div>
        <div
          class="mt-2"
        >
          <p
            class="text-sm text-dark-600 mb-1"
          >
            Additional Colors
          </p>
          <div
            class="flex flex-wrap gap-2"
          >
            <div
              class="flex flex-col items-center"
            >
              <div
                class="
                    h-8 w-8 rounded-full shadow-sm border border-dark-200
                    cursor-pointer hover:scale-110 transition-transform

                  "
                style="background-color: rgb(129, 140, 248);"
                title="Additional color: #818CF8"
              />
              <span
                class="mt-1 text-xs text-dark-600"
              >
                A
                1
              </span>
            </div>
            <div
              class="flex flex-col items-center"
            >
              <div
                class="
                    h-8 w-8 rounded-full shadow-sm border border-dark-200
                    cursor-pointer hover:scale-110 transition-transform

                  "
                style="background-color: rgb(99, 102, 241);"
                title="Additional color: #6366F1"
              />
              <span
                class="mt-1 text-xs text-dark-600"
              >
                A
                2
              </span>
            </div>
          </div>
        </div>
      </div>
    </div>
  </div>
  <div
    class="_actionsContainer_24d64d"
  >
    <button
      class="inline-flex items-center justify-center font-medium focus:outline-none focus:ring-2 focus:ring-primary/30 focus:ring-offset-2 disabled:opacity-60 disabled:cursor-not-allowed transition-all duration-200 border border-indigo-300 text-indigo-700 bg-white hover:bg-indigo-50 hover:text-primary-dark text-sm px-4 py-2 rounded-lg transform scale-100 hover:scale-[1.02] "
      type="button"
    >
      Refine Concept
    </button>
    <button
      class="inline-flex items-center justify-center font-medium focus:outline-none focus:ring-2 focus:ring-primary/30 focus:ring-offset-2 disabled:opacity-60 disabled:cursor-not-allowed transition-all duration-200 border border-indigo-300 text-indigo-700 bg-white hover:bg-indigo-50 hover:text-primary-dark text-sm px-4 py-2 rounded-lg transform scale-100 hover:scale-[1.02] "
      type="button"
    >
      Download
    </button>
  </div>
</div>
`;
