// Vitest Snapshot v1, https://vitest.dev/guide/snapshot.html

exports[`ConceptForm Component > matches snapshot 1`] = `
<div
  class="max-w-4xl mx-auto"
>
  <div
    class="p-6 shadow-lg bg-white border border-indigo-100 rounded-xl"
  >
    <form
      class="space-y-6"
    >
      <textarea
        placeholder="Describe the logo you want to create (e.g., A modern tech startup logo with abstract geometric shapes)"
      />
      <textarea
        placeholder="Describe the theme or style (e.g., Minimalist corporate design with blue and gray tones)"
      />
      <div
        class="flex justify-end items-center"
      >
        <button
          type="submit"
        >
          Generate Concept
        </button>
      </div>
    </form>
  </div>
</div>
`;
